AR counter behavioral C:/Users/cse010/Desktop/EH/StopWatch/counter.vhd sub00/vhpl24 1527604616
AR reg behavioral C:/Users/cse010/Desktop/EH/StopWatch/Reg.vhd sub00/vhpl18 1527604604
EN dff NULL C:/Users/cse010/Desktop/EH/StopWatch/dff.vhd sub00/vhpl15 1527604599
AR clock_divider behavioral C:/Users/cse010/Desktop/EH/StopWatch/clock_divider.vhd sub00/vhpl14 1527604608
AR cnt_clock_divider behavioral C:/Users/cse010/Desktop/EH/StopWatch/cnt_clock_divider.vhd sub00/vhpl22 1527604610
EN key_matrix NULL C:/Users/cse010/Desktop/EH/StopWatch/Key_Matrix.vhd sub00/vhpl04 1527604611
EN cnt_clock_divider NULL C:/Users/cse010/Desktop/EH/StopWatch/cnt_clock_divider.vhd sub00/vhpl21 1527604609
EN clkdivider NULL F:/EmbeddedHardware2018/StopWatch/ClkDivider.vhd sub00/vhpl10 1526909973
EN clock_divider NULL C:/Users/cse010/Desktop/EH/StopWatch/clock_divider.vhd sub00/vhpl13 1527604607
EN shiftreg NULL C:/Users/cse010/Desktop/EH/StopWatch/ShiftReg.vhd sub00/vhpl19 1527604613
AR shiftreg behavioral C:/Users/cse010/Desktop/EH/StopWatch/ShiftReg.vhd sub00/vhpl20 1527604614
EN bcd_counter NULL C:/Users/user/Desktop/eh/StopWatch/bcd_counter.vhd sub00/vhpl11 1527138924
AR bcd_counter behavioral C:/Users/user/Desktop/eh/StopWatch/bcd_counter.vhd sub00/vhpl12 1527138925
AR count0to5 behavioral C:/Users/cse010/Desktop/EH/StopWatch/count0to5.vhd sub00/vhpl02 1527604602
EN top NULL C:/Users/cse010/Desktop/EH/StopWatch/Top.vhd sub00/vhpl08 1527604619
EN counter NULL C:/Users/cse010/Desktop/EH/StopWatch/counter.vhd sub00/vhpl23 1527604615
EN count0to5 NULL C:/Users/cse010/Desktop/EH/StopWatch/count0to5.vhd sub00/vhpl01 1527604601
EN segment7 NULL C:/Users/cse010/Desktop/EH/StopWatch/segment7.vhd sub00/vhpl06 1527604617
AR dff behavioral C:/Users/cse010/Desktop/EH/StopWatch/dff.vhd sub00/vhpl16 1527604600
EN clockdividerx4 NULL C:/Users/cse010/Desktop/EH/StopWatch/ClockDividerx4.vhd sub00/vhpl00 1527604605
AR segment7 behavioral C:/Users/cse010/Desktop/EH/StopWatch/segment7.vhd sub00/vhpl07 1527604618
EN reg NULL C:/Users/cse010/Desktop/EH/StopWatch/Reg.vhd sub00/vhpl17 1527604603
AR clockdividerx4 behavioral C:/Users/cse010/Desktop/EH/StopWatch/ClockDividerx4.vhd sub00/vhpl03 1527604606
AR top behavioral C:/Users/cse010/Desktop/EH/StopWatch/Top.vhd sub00/vhpl09 1527604620
AR key_matrix behavioral C:/Users/cse010/Desktop/EH/StopWatch/Key_Matrix.vhd sub00/vhpl05 1527604612
