V3 64
FL C:/Users/cse010/Desktop/EH/StopWatch/ClockDividerx4.vhd 2018/05/24.14:00:56 P.20131013
EN work/ClockDividerx4 1527604605 \
      FL C:/Users/cse010/Desktop/EH/StopWatch/ClockDividerx4.vhd \
      PB ieee/std_logic_1164 1381692176 PB ieee/STD_LOGIC_UNSIGNED 1381692179
AR work/ClockDividerx4/Behavioral 1527604606 \
      FL C:/Users/cse010/Desktop/EH/StopWatch/ClockDividerx4.vhd \
      EN work/ClockDividerx4 1527604605
FL C:/Users/cse010/Desktop/EH/StopWatch/clock_divider.vhd 2018/05/24.14:14:34 P.20131013
EN work/clock_divider 1527604607 \
      FL C:/Users/cse010/Desktop/EH/StopWatch/clock_divider.vhd \
      PB ieee/std_logic_1164 1381692176 PB ieee/STD_LOGIC_UNSIGNED 1381692179
AR work/clock_divider/Behavioral 1527604608 \
      FL C:/Users/cse010/Desktop/EH/StopWatch/clock_divider.vhd \
      EN work/clock_divider 1527604607
FL C:/Users/cse010/Desktop/EH/StopWatch/cnt_clock_divider.vhd 2018/05/29.21:04:39 P.20131013
EN work/cnt_clock_divider 1527604609 \
      FL C:/Users/cse010/Desktop/EH/StopWatch/cnt_clock_divider.vhd \
      PB ieee/std_logic_1164 1381692176 PB ieee/STD_LOGIC_UNSIGNED 1381692179
AR work/cnt_clock_divider/Behavioral 1527604610 \
      FL C:/Users/cse010/Desktop/EH/StopWatch/cnt_clock_divider.vhd \
      EN work/cnt_clock_divider 1527604609
FL C:/Users/cse010/Desktop/EH/StopWatch/count0to5.vhd 2018/05/21.21:32:22 P.20131013
EN work/count0to5 1527604601 \
      FL C:/Users/cse010/Desktop/EH/StopWatch/count0to5.vhd \
      PB ieee/std_logic_1164 1381692176 PB ieee/STD_LOGIC_UNSIGNED 1381692179
AR work/count0to5/Behavioral 1527604602 \
      FL C:/Users/cse010/Desktop/EH/StopWatch/count0to5.vhd EN work/count0to5 1527604601
FL C:/Users/cse010/Desktop/EH/StopWatch/counter.vhd 2018/05/29.23:36:35 P.20131013
EN work/counter 1527604615 FL C:/Users/cse010/Desktop/EH/StopWatch/counter.vhd \
      PB ieee/std_logic_1164 1381692176 PB ieee/STD_LOGIC_UNSIGNED 1381692179
AR work/counter/Behavioral 1527604616 \
      FL C:/Users/cse010/Desktop/EH/StopWatch/counter.vhd EN work/counter 1527604615 \
      CP Reg
FL C:/Users/cse010/Desktop/EH/StopWatch/dff.vhd 2018/05/25.18:24:06 P.20131013
EN work/dff 1527604599 FL C:/Users/cse010/Desktop/EH/StopWatch/dff.vhd \
      PB ieee/std_logic_1164 1381692176
AR work/dff/Behavioral 1527604600 \
      FL C:/Users/cse010/Desktop/EH/StopWatch/dff.vhd EN work/dff 1527604599
FL C:/Users/cse010/Desktop/EH/StopWatch/Key_Matrix.vhd 2018/05/29.12:57:14 P.20131013
EN work/Key_Matrix 1527604611 \
      FL C:/Users/cse010/Desktop/EH/StopWatch/Key_Matrix.vhd \
      PB ieee/std_logic_1164 1381692176
AR work/Key_Matrix/Behavioral 1527604612 \
      FL C:/Users/cse010/Desktop/EH/StopWatch/Key_Matrix.vhd EN work/Key_Matrix 1527604611 \
      CP ClockDividerx4
FL C:/Users/cse010/Desktop/EH/StopWatch/Reg.vhd 2018/05/25.18:23:40 P.20131013
EN work/reg 1527604603 FL C:/Users/cse010/Desktop/EH/StopWatch/Reg.vhd \
      PB ieee/std_logic_1164 1381692176
AR work/reg/Behavioral 1527604604 \
      FL C:/Users/cse010/Desktop/EH/StopWatch/Reg.vhd EN work/reg 1527604603 \
      CP dff
FL C:/Users/cse010/Desktop/EH/StopWatch/segment7.vhd 2018/05/29.22:44:51 P.20131013
EN work/segment7 1527604617 FL C:/Users/cse010/Desktop/EH/StopWatch/segment7.vhd \
      PB ieee/std_logic_1164 1381692176
AR work/segment7/Behavioral 1527604618 \
      FL C:/Users/cse010/Desktop/EH/StopWatch/segment7.vhd EN work/segment7 1527604617 \
      CP count0to5
FL C:/Users/cse010/Desktop/EH/StopWatch/ShiftReg.vhd 2018/05/25.19:36:40 P.20131013
EN work/ShiftReg 1527604613 FL C:/Users/cse010/Desktop/EH/StopWatch/ShiftReg.vhd \
      PB ieee/std_logic_1164 1381692176
AR work/ShiftReg/Behavioral 1527604614 \
      FL C:/Users/cse010/Desktop/EH/StopWatch/ShiftReg.vhd EN work/ShiftReg 1527604613 \
      CP Reg
FL C:/Users/cse010/Desktop/EH/StopWatch/Top.vhd 2018/05/29.23:31:07 P.20131013
EN work/top 1527604619 FL C:/Users/cse010/Desktop/EH/StopWatch/Top.vhd \
      PB ieee/std_logic_1164 1381692176
AR work/top/Behavioral 1527604620 \
      FL C:/Users/cse010/Desktop/EH/StopWatch/Top.vhd EN work/top 1527604619 \
      CP clock_divider CP cnt_clock_divider CP Key_Matrix CP ShiftReg CP dff \
      CP counter CP segment7
FL C:/Users/user/Desktop/eh/StopWatch/bcd_counter.vhd 2018/05/24.14:07:09 P.20131013
EN work/bcd_counter 1527138924 \
      FL C:/Users/user/Desktop/eh/StopWatch/bcd_counter.vhd \
      PB ieee/std_logic_1164 1381692176 PB ieee/STD_LOGIC_UNSIGNED 1381692179
AR work/bcd_counter/Behavioral 1527138925 \
      FL C:/Users/user/Desktop/eh/StopWatch/bcd_counter.vhd EN work/bcd_counter 1527138924
FL C:/Users/user/Desktop/eh/StopWatch/ClockDividerx4.vhd 2018/05/24.14:00:54 P.20131013
FL C:/Users/user/Desktop/eh/StopWatch/clock_divider.vhd 2018/05/24.14:14:33 P.20131013
FL C:/Users/user/Desktop/eh/StopWatch/count0to5.vhd 2018/05/21.21:32:22 P.20131013
FL C:/Users/user/Desktop/eh/StopWatch/dff.vhd 2018/05/25.18:24:05 P.20131013
FL C:/Users/user/Desktop/eh/StopWatch/Key_Matrix.vhd 2018/05/25.20:48:08 P.20131013
FL C:/Users/user/Desktop/eh/StopWatch/Reg.vhd 2018/05/25.18:23:38 P.20131013
FL C:/Users/user/Desktop/eh/StopWatch/segment7.vhd 2018/05/25.20:57:47 P.20131013
FL C:/Users/user/Desktop/eh/StopWatch/ShiftReg.vhd 2018/05/25.19:36:39 P.20131013
FL C:/Users/user/Desktop/eh/StopWatch/Top.vhd 2018/05/25.20:38:05 P.20131013
FL F:/EmbeddedHardware2018/StopWatch/bcd_counter.vhd 2018/05/21.22:45:12 P.20131013
FL F:/EmbeddedHardware2018/StopWatch/ClkDivider.vhd 2018/05/21.22:40:39 P.20131013
EN work/ClkDivider 0 FL F:/EmbeddedHardware2018/StopWatch/ClkDivider.vhd \
      PB ieee/std_logic_1164 1381692176
AR work/ClkDivider/Behavioral 0 \
      FL F:/EmbeddedHardware2018/StopWatch/ClkDivider.vhd EN work/ClkDivider 0
FL F:/EmbeddedHardware2018/StopWatch/ClockDividerx4.vhd 2018/05/21.22:31:55 P.20131013
FL F:/EmbeddedHardware2018/StopWatch/count0to5.vhd 2018/05/21.21:32:20 P.20131013
FL F:/EmbeddedHardware2018/StopWatch/Key_Matrix.vhd 2018/05/21.22:36:40 P.20131013
FL F:/EmbeddedHardware2018/StopWatch/segment7.vhd 2018/05/21.22:44:48 P.20131013
FL F:/EmbeddedHardware2018/StopWatch/Top.vhd 2018/05/21.22:40:31 P.20131013
