AR counter behavioral C:/Users/cse010/Desktop/EH/StopWatch/counter.vhd sub00/vhpl24 1527648997
AR reg behavioral C:/Users/cse010/Desktop/EH/StopWatch/Reg.vhd sub00/vhpl18 1527648985
EN dff NULL C:/Users/cse010/Desktop/EH/StopWatch/dff.vhd sub00/vhpl15 1527648980
AR clock_divider behavioral C:/Users/cse010/Desktop/EH/StopWatch/clock_divider.vhd sub00/vhpl14 1527648989
AR cnt_clock_divider behavioral C:/Users/cse010/Desktop/EH/StopWatch/cnt_clock_divider.vhd sub00/vhpl22 1527648991
EN key_matrix NULL C:/Users/cse010/Desktop/EH/StopWatch/Key_Matrix.vhd sub00/vhpl04 1527648992
EN cnt_clock_divider NULL C:/Users/cse010/Desktop/EH/StopWatch/cnt_clock_divider.vhd sub00/vhpl21 1527648990
EN clkdivider NULL F:/EmbeddedHardware2018/StopWatch/ClkDivider.vhd sub00/vhpl10 1526909973
EN clock_divider NULL C:/Users/cse010/Desktop/EH/StopWatch/clock_divider.vhd sub00/vhpl13 1527648988
EN shiftreg NULL C:/Users/cse010/Desktop/EH/StopWatch/ShiftReg.vhd sub00/vhpl19 1527648994
AR shiftreg behavioral C:/Users/cse010/Desktop/EH/StopWatch/ShiftReg.vhd sub00/vhpl20 1527648995
EN bcd_counter NULL C:/Users/user/Desktop/eh/StopWatch/bcd_counter.vhd sub00/vhpl11 1527138924
AR bcd_counter behavioral C:/Users/user/Desktop/eh/StopWatch/bcd_counter.vhd sub00/vhpl12 1527138925
AR count0to5 behavioral C:/Users/cse010/Desktop/EH/StopWatch/count0to5.vhd sub00/vhpl02 1527648983
EN top NULL C:/Users/cse010/Desktop/EH/StopWatch/Top.vhd sub00/vhpl08 1527649000
EN counter NULL C:/Users/cse010/Desktop/EH/StopWatch/counter.vhd sub00/vhpl23 1527648996
EN count0to5 NULL C:/Users/cse010/Desktop/EH/StopWatch/count0to5.vhd sub00/vhpl01 1527648982
EN segment7 NULL C:/Users/cse010/Desktop/EH/StopWatch/segment7.vhd sub00/vhpl06 1527648998
AR dff behavioral C:/Users/cse010/Desktop/EH/StopWatch/dff.vhd sub00/vhpl16 1527648981
EN clockdividerx4 NULL C:/Users/cse010/Desktop/EH/StopWatch/ClockDividerx4.vhd sub00/vhpl00 1527648986
AR segment7 behavioral C:/Users/cse010/Desktop/EH/StopWatch/segment7.vhd sub00/vhpl07 1527648999
EN reg NULL C:/Users/cse010/Desktop/EH/StopWatch/Reg.vhd sub00/vhpl17 1527648984
AR clockdividerx4 behavioral C:/Users/cse010/Desktop/EH/StopWatch/ClockDividerx4.vhd sub00/vhpl03 1527648987
AR top behavioral C:/Users/cse010/Desktop/EH/StopWatch/Top.vhd sub00/vhpl09 1527649001
AR key_matrix behavioral C:/Users/cse010/Desktop/EH/StopWatch/Key_Matrix.vhd sub00/vhpl05 1527648993
